#-----------------------------------------------------------
# Vivado v2024.1 (64-bit)
# SW Build 5076996 on Wed May 22 18:37:14 MDT 2024
# IP Build 5075265 on Wed May 22 21:45:21 MDT 2024
# SharedData Build 5076995 on Wed May 22 18:29:18 MDT 2024
# Start of session at: Wed Nov 13 15:39:58 2024
# Process ID: 5504
# Current directory: C:/Users/SATHVIK/OneDrive/Desktop/Integrated_ALU_final/Integrated_ALU_final.runs/blk_mem_gen_2_synth_1
# Command line: vivado.exe -log blk_mem_gen_2.vds -product Vivado -mode batch -messageDb vivado.pb -notrace -source blk_mem_gen_2.tcl
# Log file: C:/Users/SATHVIK/OneDrive/Desktop/Integrated_ALU_final/Integrated_ALU_final.runs/blk_mem_gen_2_synth_1/blk_mem_gen_2.vds
# Journal file: C:/Users/SATHVIK/OneDrive/Desktop/Integrated_ALU_final/Integrated_ALU_final.runs/blk_mem_gen_2_synth_1\vivado.jou
# Running On        :TheMob
# Platform          :Windows Server 2016 or Windows 10
# Operating System  :22631
# Processor Detail  :12th Gen Intel(R) Core(TM) i5-1235U
# CPU Frequency     :2496 MHz
# CPU Physical cores:10
# CPU Logical cores :12
# Host memory       :16849 MB
# Swap memory       :9126 MB
# Total Virtual     :25976 MB
# Available Virtual :6873 MB
#-----------------------------------------------------------
source blk_mem_gen_2.tcl -notrace
